// Jest Snapshot v1, https://goo.gl/fbAQLP

exports[`App renders without crashing 1`] = `
Array [
  <div
    className="header"
  >
    <h1
      className="title"
    >
      Simple blog
    </h1>
  </div>,
  <div
    className="container"
  >
    <div
      className="cp_iptxt"
    >
      <input
        className="ef"
        onChange={[Function]}
        placeholder=""
        type="text"
        value=""
      />
      <label>
        タイトル
      </label>
      <span
        className="focus_line"
      />
    </div>
    <div
      className="cp_iptxtarea"
    >
      <textarea
        className="ef"
        onChange={[Function]}
        rows={1}
        type="text"
        value=""
      />
      <label>
        本文
      </label>
      <span
        className="focus_line_t"
      />
    </div>
    <div
      style={
        Object {
          "textAlign": "right",
        }
      }
    >
      <button
        className="btn-sticky"
        onClick={[Function]}
      >
        送信
      </button>
    </div>
  </div>,
]
`;
