// Jest Snapshot v1, https://goo.gl/fbAQLP

exports[`It should render with no crashing. should be render. 1`] = `
<div
  className="article"
>
  <h2>
    title
  </h2>
  <div
    className="body"
  >
    body
  </div>
</div>
`;
