// Jest Snapshot v1, https://goo.gl/fbAQLP

exports[`Editor should render successful. 1`] = `
<div
  className="header"
>
  <h1
    className="title"
  >
    Simple blog
  </h1>
</div>
`;
